// Jest Snapshot v1, https://goo.gl/fbAQLP

exports[`Login Component matches the snapshot 1`] = `
<DocumentFragment>
  <div
    class="login-container"
  >
    <h2>
      Login
    </h2>
    <div
      class="error"
    />
    <form>
      <div
        class="form-group"
      >
        <label
          for="username"
        >
          Username
        </label>
        <input
          id="username"
          required=""
          type="text"
          value=""
        />
      </div>
      <div
        class="form-group"
      >
        <label
          for="password"
        >
          Password
        </label>
        <input
          id="password"
          required=""
          type="password"
          value=""
        />
      </div>
      <button
        type="submit"
      >
        Login
      </button>
    </form>
  </div>
</DocumentFragment>
`;
